2026-05-28 07:48:07,075 - INFO - --- ЗАПУСК ТЕСТА ЗАДАЧИ №2 ---
2026-05-28 07:48:07,075 - INFO - Инициализация класса RetailAnalytics.
2026-05-28 07:48:07,151 - INFO - --- Валидация успешна: пустых ID и отрицательных значений не обнаружено! ---
2026-05-28 07:48:07,151 - INFO - --- Данные загружены. Всего строк: 20001 ---
2026-05-28 07:48:07,199 - INFO - --- Очистка завершена. Удалено строк: 10000 ---
2026-05-28 07:48:07,205 - INFO - --- ЗАПУСК ПОЛНОГО PIPELINE (ЗАДАЧА №3) ---
2026-05-28 07:48:07,205 - INFO - Инициализация класса RetailAnalytics.
2026-05-28 07:48:07,291 - INFO - --- Валидация успешна: пустых ID и отрицательных значений не обнаружено! ---
2026-05-28 07:48:07,291 - INFO - --- Данные загружены. Всего строк: 20001 ---
2026-05-28 07:48:07,340 - INFO - --- Очистка завершена. Удалено строк: 10000 ---
2026-05-28 07:48:07,340 - INFO - --- 3. Запуск Feature Engineering... ---
2026-05-28 07:48:07,340 - INFO - Добавлены новые метрики: 'client_value' и 'client_risk'
2026-05-28 07:48:07,340 - INFO - Фильтрация клиентов по порогу ценности >= 500000
2026-05-28 07:48:07,343 - INFO - --- 4. Фильтрация: Осталось VIP-клиентов: 1600 ---
2026-05-28 07:48:07,357 - INFO - --- 5. Результаты успешно экспортированы в файл: final_vip_report.csv ---
2026-05-28 07:48:07,357 - INFO - --- ЗАПУСК ТЕСТА ЗАДАЧИ №4 (ПАТТЕРН СТРАТЕГИЯ) ---
2026-05-28 07:48:07,357 - INFO - --- ЗАПУСК ТЕСТА ЗАДАЧИ №5 (ПАТТЕРН ФАБРИКА) ---
2026-05-28 07:48:07,357 - INFO - --- ЗАПУСК ТЕСТА ЗАДАЧИ №6 (КЭШИРОВАНИЕ) ---
2026-05-28 07:48:07,357 - INFO - --- ЗАПУСК ТЕСТА ЗАДАЧИ №8 (КОНФИГУРАЦИЯ) ---
2026-05-28 07:48:07,357 - INFO - --- ЗАПУСК ТЕСТА ЗАДАЧИ №9 (ВАЛИДАЦИЯ ДАННЫХ) ---
2026-05-28 07:48:07,358 - INFO - Инициализация класса RetailAnalytics.
2026-05-28 07:48:07,358 - INFO - === ЗАПУСК ФИНАЛЬНОЙ АРХИТЕКТУРНОЙ СИСТЕМЫ (ЗАДАЧА №10) ===
2026-05-28 07:48:07,438 - INFO - --- Валидация успешна: пустых ID и отрицательных значений не обнаружено! ---
2026-05-28 07:48:07,438 - INFO - --- Данные загружены. Всего строк: 20001 ---
2026-05-28 07:48:07,484 - INFO - --- Очистка завершена. Удалено строк: 10000 ---
2026-05-28 07:48:07,484 - INFO - Генерация ООП-объектов клиентов через ClientFactory...
2026-05-28 07:48:07,650 - INFO - Применение аналитических стратегий оценки...
2026-05-28 07:48:07,652 - INFO - --- 3. Запуск Feature Engineering... ---
2026-05-28 07:48:07,652 - INFO - Добавлены новые метрики: 'client_value' и 'client_risk'
2026-05-28 07:48:07,652 - INFO - Фильтрация клиентов по порогу ценности >= 500000
2026-05-28 07:48:07,654 - INFO - --- 4. Фильтрация: Осталось VIP-клиентов: 1600 ---
2026-05-28 07:48:07,667 - INFO - --- 5. Результаты успешно экспортированы в файл: final_production_report.csv ---
2026-05-28 07:48:11,021 - INFO - --- Графики для презентации успешно сохранены в файл presentation_charts.png ---
